To honour the JVM settings for this build a single-use Daemon process will be forked. For more on this, please refer to https://docs.gradle.org/8.14.5/userguide/gradle_daemon.html#sec:disabling_the_daemon in the Gradle documentation.
Daemon will be stopped at the end of the build 
> Task :createMinecraftArtifacts UP-TO-DATE
> Task :compileJava
> Task :processResources UP-TO-DATE
> Task :classes
> Task :downloadAssets UP-TO-DATE
> Task :writeRfWorkbenchClientLegacyClasspath UP-TO-DATE
> Task :prepareRfWorkbenchClientRun UP-TO-DATE

> Task :runRfWorkbenchClient
WARN StatusConsoleListener Advanced terminal features are not available in this environment
[19:59:04] [main/INFO] [cp.mo.mo.Launcher/MODLAUNCHER]: ModLauncher running: args [--launchTarget, forgeclientdev, --version, 21.1.251, --assetIndex, 17, --assetsDir, C:\\Users\\Hurtify\\.gradle\\caches\\neoformruntime\\assets, --gameDir, ., --fml.fmlVersion, 4.0.44, --fml.mcVersion, 1.21.1, --fml.neoForgeVersion, 21.1.251, --fml.neoFormVersion, 20240808.144430, --quickPlaySingleplayer, RFWorkbench]
[19:59:04] [main/INFO] [cp.mo.mo.Launcher/MODLAUNCHER]: JVM identified as Eclipse Adoptium OpenJDK 64-Bit Server VM 21.0.12+8-LTS
[19:59:04] [main/INFO] [cp.mo.mo.Launcher/MODLAUNCHER]: ModLauncher 11.0.5+main.901c6ea8 starting: java version 21.0.12 by Eclipse Adoptium; OS Windows 11 arch amd64 version 10.0
[19:59:04] [main/INFO] [ne.ne.fm.lo.ImmediateWindowHandler/]: Loading ImmediateWindowProvider fmlearlywindow
[19:59:04] [main/INFO] [EARLYDISPLAY/]: Trying GL version 4.6
[19:59:04] [main/INFO] [EARLYDISPLAY/]: Requested GL version 4.6 got version 4.6
[19:59:04] [main/INFO] [mixin/]: SpongePowered MIXIN Subsystem Version=0.8.7 Source=union:/C:/Users/Hurtify/.gradle/caches/modules-2/files-2.1/net.fabricmc/sponge-mixin/0.15.2+mixin.0.8.7/2af2f021d8e02a0220dc27a7a72b4666d66d44ca/sponge-mixin-0.15.2+mixin.0.8.7.jar%23138!/ Service=ModLauncher Env=CLIENT
[19:59:04] [pool-2-thread-1/INFO] [EARLYDISPLAY/]: GL info: Intel(R) Iris(R) Xe Graphics GL version 4.6.0 - Build 32.0.101.7088, Intel
[19:59:05] [main/WARN] [ne.ne.ja.se.JarSelector/]: Attempted to select a dependency jar for JarJar which was passed in as source: kilagraph. Using Mod File: C:\Users\Hurtify\.gradle\caches\modules-2\files-2.1\com.lowdragmc.kilagraph\kilagraph-neoforge-1.21.1\21.1.0.15\118a5d8a9dd0bbc2bfb23f658fb90daf02244cd7\kilagraph-neoforge-1.21.1-21.1.0.15.jar
[19:59:05] [main/INFO] [ne.ne.fm.lo.mo.lo.JarInJarDependencyLocator/]: Found 12 dependencies adding them to mods collection
[19:59:05] [main/INFO] [ne.ne.fm.lo.mo.ModDiscoverer/]: 
     Mod List:
		Name Version (Mod Id)

		Curios API 9.5.1+1.21.1 (curios)
		EX-twins 1.0.0-beta.1 (relics_addon)
		KilaGraph 21.1.0.15 (kilagraph)
		LambDynamicLights (API) 4.8.11+1.21.1 (lambdynlights_api)
		LambDynamicLights (Runtime) 4.8.11+1.21.1 (lambdynlights_runtime)
		LowDragLib2 2.2.41 (ldlib2)
		Minecraft 1.21.1 (minecraft)
		NeoForge 21.1.251 (neoforge)
		Photon 2.2.7 (photon)
		Pride Lib 1.2.4+1.21.1 (pride)
		Sable Companion 1.6.0 (sablecompanion)
		SpruceUI 6.2.5+1.21.1 (spruceui)
		Yumi Minecraft Libraries: Foundation 1.0.0-beta.1+1.21.1 (yumi_mc_core)
[19:59:05] [main/ERROR] [ne.ne.fm.lo.mo.ModFile/LOADING]: Access transformer file META-INF/accesstransformer.cfg provided by mod pride does not exist!
[19:59:07] [main/INFO] [mixin/]: Compatibility level set to JAVA_21
[19:59:07] [main/INFO] [cp.mo.mo.LaunchServiceHandler/MODLAUNCHER]: Launching target 'forgeclientdev' with arguments [--version, 21.1.251, --gameDir, ., --assetsDir, C:\Users\Hurtify\.gradle\caches\neoformruntime\assets, --assetIndex, 17, --quickPlaySingleplayer, RFWorkbench]
[19:59:07] [main/WARN] [mixin/]: Reference map 'curios.refmap.json' for curios.neoforge.mixins.json could not be read. If this is a development environment you can ignore this message
[19:59:07] [main/WARN] [mixin/]: Reference map 'curios.refmap.json' for curios.mixins.json could not be read. If this is a development environment you can ignore this message
[19:59:07] [main/WARN] [mixin/]: Error loading class: net/fabricmc/fabric/impl/client/indigo/renderer/aocalc/AoCalculator (java.lang.ClassNotFoundException: net.fabricmc.fabric.impl.client.indigo.renderer.aocalc.AoCalculator)
[19:59:08] [main/INFO] [MixinExtras|Service/]: Initializing MixinExtras via com.llamalad7.mixinextras.service.MixinExtrasServiceImpl(version=0.5.3).
[19:59:10] [Datafixer Bootstrap/INFO] [mojang/DataFixerBuilder]: 229 Datafixer optimizations took 401 milliseconds
[19:59:16] [pool-17-thread-1/INFO] [de.yu.mc.co.im.YumiFoundationMod/]: Initializing mods (entrypoint yumi:init)...
[19:59:17] [main/WARN] [minecraft/Commands]: Ambiguity between arguments [teleport, location] and [teleport, destination] with inputs: [0.1 -0.5 .9, 0 0 0]
[19:59:17] [main/WARN] [minecraft/Commands]: Ambiguity between arguments [teleport, location] and [teleport, targets] with inputs: [0.1 -0.5 .9, 0 0 0]
[19:59:17] [main/WARN] [minecraft/Commands]: Ambiguity between arguments [teleport, destination] and [teleport, targets] with inputs: [Player, 0123, @e, dd12be42-52a9-4a91-a8a1-11c01849e498]
[19:59:17] [main/WARN] [minecraft/Commands]: Ambiguity between arguments [teleport, targets] and [teleport, destination] with inputs: [Player, 0123, dd12be42-52a9-4a91-a8a1-11c01849e498]
[19:59:17] [main/WARN] [minecraft/Commands]: Ambiguity between arguments [teleport, targets, location] and [teleport, targets, destination] with inputs: [0.1 -0.5 .9, 0 0 0]
[19:59:18] [Render thread/WARN] [minecraft/VanillaPackResourcesBuilder]: Assets URL 'union:/C:/dev/EX-twins/build/moddev/artifacts/neoforge-21.1.251.jar%23189!/assets/.mcassetsroot' uses unexpected schema
[19:59:18] [Render thread/WARN] [minecraft/VanillaPackResourcesBuilder]: Assets URL 'union:/C:/dev/EX-twins/build/moddev/artifacts/neoforge-21.1.251.jar%23189!/data/.mcassetsroot' uses unexpected schema
[19:59:18] [Render thread/INFO] [mojang/YggdrasilAuthenticationService]: Environment: Environment[sessionHost=https://sessionserver.mojang.com, servicesHost=https://api.minecraftservices.com, name=PROD]
[19:59:18] [Render thread/INFO] [minecraft/Minecraft]: Setting user: Dev
[19:59:18] [Render thread/INFO] [LambDynamicLights/]: Initializing LambDynamicLights...
[19:59:18] [Render thread/INFO] [LambDynamicLights|Config/]: Configuration loaded.
[19:59:18] [Render thread/INFO] [relics_addon/]: LambDynamicLights found: shields, swarm effects and blasts will light the world
[19:59:18] [Render thread/INFO] [minecraft/Minecraft]: Backend library: LWJGL version 3.3.3+5
[19:59:18] [modloading-worker-0/INFO] [LowDragLib2/]: LowDragLib2 is initializing on platform: NeoForge
[19:59:18] [modloading-worker-0/INFO] [ne.ne.ne.co.NeoForgeMod/NEOFORGE-MOD]: NeoForge mod loading, version 21.1.251, for MC 1.21.1
[19:59:19] [modloading-worker-0/INFO] [co.lo.ki.Kilagraph/]: KilaGraph blueprint nodes loaded: 524
[19:59:19] [modloading-worker-0/INFO] [co.lo.ki.Kilagraph/]: KilaGraph rendertype nodes loaded: 176
[19:59:19] [modloading-worker-0/INFO] [Photon/]: Photon is initializing on platform: NeoForge
[19:59:19] [modloading-worker-0/INFO] [relics_addon/]: Loaded three shields, three typed defender hives and three ship hives
[19:59:21] [Render thread/INFO] [ne.ne.ne.ga.GameTestHooks/]: Enabled Gametest Namespaces: []
[19:59:21] [Render thread/INFO] [minecraft/ReloadableResourceManager]: Reloading ResourceManager: vanilla, mod_resources, mod/yumi_mc_core, mod/kilagraph, mod/lambdynlights_api, mod/lambdynlights_runtime, mod/pride, mod/sablecompanion, mod/curios, mod/ldlib2, mod/photon, mod/relics_addon, mod/neoforge, mod/spruceui, ldlib2
[19:59:21] [Worker-Main-1/INFO] [minecraft/UnihexProvider]: Found unifont_all_no_pua-15.1.05.hex, loading
[19:59:22] [Worker-Main-4/INFO] [minecraft/UnihexProvider]: Found unifont_jp_patch-15.1.05.hex, loading
[19:59:22] [Worker-Main-14/INFO] [Photon/]: Photon shader graph nodes loaded: 7
[19:59:25] [Render thread/WARN] [minecraft/SoundEngine]: Missing sound for event: minecraft:item.goat_horn.play
[19:59:25] [Render thread/WARN] [minecraft/SoundEngine]: Missing sound for event: minecraft:entity.goat.screaming.horn_break
[19:59:25] [Render thread/INFO] [mojang/Library]: OpenAL initialized on device OpenAL Soft on Динамики (TA-22)
[19:59:25] [Render thread/INFO] [minecraft/SoundEngine]: Sound engine started
[19:59:25] [Render thread/INFO] [minecraft/TextureAtlas]: Created: 1024x1024x4 minecraft:textures/atlas/blocks.png-atlas
[19:59:26] [Render thread/INFO] [minecraft/TextureAtlas]: Created: 256x256x4 minecraft:textures/atlas/signs.png-atlas
[19:59:26] [Render thread/INFO] [minecraft/TextureAtlas]: Created: 512x512x4 minecraft:textures/atlas/shield_patterns.png-atlas
[19:59:26] [Render thread/INFO] [minecraft/TextureAtlas]: Created: 512x512x4 minecraft:textures/atlas/banner_patterns.png-atlas
[19:59:26] [Render thread/INFO] [minecraft/TextureAtlas]: Created: 1024x1024x4 minecraft:textures/atlas/armor_trims.png-atlas
[19:59:26] [Render thread/INFO] [minecraft/TextureAtlas]: Created: 256x256x4 minecraft:textures/atlas/chest.png-atlas
[19:59:26] [Render thread/INFO] [minecraft/TextureAtlas]: Created: 128x64x4 minecraft:textures/atlas/decorated_pot.png-atlas
[19:59:26] [Render thread/INFO] [minecraft/TextureAtlas]: Created: 512x256x4 minecraft:textures/atlas/beds.png-atlas
[19:59:26] [Render thread/INFO] [minecraft/TextureAtlas]: Created: 512x256x4 minecraft:textures/atlas/shulker_boxes.png-atlas
[19:59:26] [Render thread/INFO] [minecraft/TextureAtlas]: Created: 4096x2048x0 minecraft:textures/atlas/particles.png-atlas
[19:59:26] [Render thread/INFO] [minecraft/TextureAtlas]: Created: 512x256x0 minecraft:textures/atlas/paintings.png-atlas
[19:59:26] [Render thread/INFO] [minecraft/TextureAtlas]: Created: 256x128x0 minecraft:textures/atlas/mob_effects.png-atlas
[19:59:26] [Render thread/INFO] [minecraft/TextureAtlas]: Created: 64x64x0 minecraft:textures/atlas/map_decorations.png-atlas
[19:59:26] [Render thread/INFO] [minecraft/TextureAtlas]: Created: 1024x512x0 minecraft:textures/atlas/gui.png-atlas
[19:59:26] [Render thread/WARN] [minecraft/ShaderInstance]: Shader rendertype_entity_translucent_emissive could not find sampler named Sampler2 in the specified shader program.
[19:59:26] [Render thread/WARN] [minecraft/ShaderInstance]: Shader ldlib2:graph_wire could not find uniform named iTime in the specified shader program.
[19:59:26] [Render thread/WARN] [minecraft/ShaderInstance]: Shader relics_addon:black_hole could not find uniform named ModelViewMat in the specified shader program.
[19:59:26] [Render thread/WARN] [minecraft/ShaderInstance]: Shader relics_addon:armageddon_blast could not find uniform named Centre in the specified shader program.
[19:59:26] [Render thread/WARN] [minecraft/ShaderInstance]: Shader relics_addon:armageddon_blast could not find uniform named Time in the specified shader program.
[19:59:26] [Render thread/WARN] [minecraft/ShaderInstance]: Shader relics_addon:armageddon_blast could not find uniform named PixelAngle in the specified shader program.
[19:59:26] [Render thread/WARN] [minecraft/ShaderInstance]: Shader relics_addon:mana_shell could not find uniform named PixelAngle in the specified shader program.
[19:59:26] [Render thread/WARN] [minecraft/ShaderInstance]: Shader relics_addon:rf_grade could not find uniform named Up in the specified shader program.
[19:59:26] [Render thread/WARN] [minecraft/ShaderInstance]: Shader relics_addon:rf_volume could not find uniform named East in the specified shader program.
[19:59:26] [Render thread/WARN] [minecraft/ShaderInstance]: Shader relics_addon:rf_volume could not find uniform named North in the specified shader program.
[19:59:26] [Render thread/INFO] [ne.ne.ne.cl.en.an.js.AnimationLoader/]: Loaded 0 entity animations
[19:59:27] [Render thread/INFO] [minecraft/RecipeManager]: Loaded 1308 recipes
[19:59:28] [Render thread/INFO] [minecraft/AdvancementTree]: Loaded 1417 advancements
[19:59:28] [Render thread/INFO] [Curios API/]: Loaded 10 curio slots
[19:59:28] [Render thread/INFO] [Curios API/]: Loaded 1 curio entities
[19:59:28] [Server thread/INFO] [minecraft/IntegratedServer]: Starting integrated minecraft server version 1.21.1
[19:59:28] [Server thread/INFO] [minecraft/MinecraftServer]: Generating keypair
[19:59:28] [Server thread/INFO] [minecraft/MinecraftServer]: Preparing start region for dimension minecraft:overworld
[19:59:29] [progressListener/INFO] [minecraft/LoggerChunkProgressListener]: Подготовка области возрождения: 0%
[19:59:29] [Server thread/INFO] [ne.ne.ne.se.pe.PermissionAPI/]: Successfully initialized permission handler neoforge:default_handler
[19:59:29] [progressListener/INFO] [minecraft/LoggerChunkProgressListener]: Time elapsed: 269 ms
[19:59:29] [Server thread/INFO] [minecraft/IntegratedServer]: Changing view distance to 32, from 10
[19:59:29] [Server thread/INFO] [minecraft/IntegratedServer]: Changing simulation distance to 12, from 0
[19:59:30] [Server thread/INFO] [minecraft/PlayerList]: Dev[local:E:6659c59e] logged in with entity id 1 at (2.6, 101.2, 3.6)
[19:59:30] [Server thread/INFO] [minecraft/MinecraftServer]: Dev присоединился к игре
[19:59:30] [Render thread/INFO] [minecraft/AdvancementTree]: Loaded 2 advancements
[19:59:30] [Server thread/INFO] [minecraft/IntegratedServer]: Changing view distance to 4, from 32
[19:59:30] [Server thread/INFO] [minecraft/IntegratedServer]: Changing simulation distance to 5, from 12
[19:59:39] [Render thread/INFO] [relics_addon/]: RF_WORKBENCH_CAPTURE_START NeoForge 21.1.251; native Photon; model clips=8
[19:59:53] [Render thread/INFO] [relics_addon/]: RF_WORKBENCH_CAPTURE_DONE 250 frames; PhotonMaxLive=64
[19:59:53] [Render thread/INFO] [minecraft/Minecraft]: Stopping!
[19:59:53] [Server thread/INFO] [minecraft/ServerGamePacketListenerImpl]: Dev lost connection: Отключение
[19:59:53] [Server thread/INFO] [minecraft/MinecraftServer]: Dev покинул игру
[19:59:53] [Server thread/INFO] [minecraft/ServerCommonPacketListenerImpl]: Stopping singleplayer server as player logged out
[19:59:53] [Server thread/INFO] [minecraft/MinecraftServer]: Stopping server
[19:59:53] [Server thread/INFO] [minecraft/MinecraftServer]: Saving players
[19:59:53] [Server thread/INFO] [minecraft/MinecraftServer]: Saving worlds
[19:59:53] [Server thread/INFO] [minecraft/MinecraftServer]: Saving chunks for level 'ServerLevel[New World]'/minecraft:overworld
[19:59:53] [Server thread/INFO] [minecraft/MinecraftServer]: Saving chunks for level 'ServerLevel[New World]'/minecraft:the_end
[19:59:53] [Server thread/INFO] [minecraft/MinecraftServer]: Saving chunks for level 'ServerLevel[New World]'/minecraft:the_nether
[19:59:53] [Server thread/INFO] [minecraft/MinecraftServer]: ThreadedAnvilChunkStorage (RFWorkbench): All chunks are saved
[19:59:53] [Server thread/INFO] [minecraft/MinecraftServer]: ThreadedAnvilChunkStorage (DIM1): All chunks are saved
[19:59:53] [Server thread/INFO] [minecraft/MinecraftServer]: ThreadedAnvilChunkStorage (DIM-1): All chunks are saved
[19:59:53] [Server thread/INFO] [minecraft/MinecraftServer]: ThreadedAnvilChunkStorage: All dimensions are saved

BUILD SUCCESSFUL in 1m 4s
7 actionable tasks: 2 executed, 5 up-to-date
