To honour the JVM settings for this build a single-use Daemon process will be forked. For more on this, please refer to https://docs.gradle.org/8.14.5/userguide/gradle_daemon.html#sec:disabling_the_daemon in the Gradle documentation.
Daemon will be stopped at the end of the build 
> Task :createMinecraftArtifacts UP-TO-DATE
> Task :compileJava
> Task :processResources UP-TO-DATE
> Task :classes
> Task :downloadAssets UP-TO-DATE
> Task :writeMinersDreamClientLegacyClasspath UP-TO-DATE
> Task :prepareMinersDreamClientRun

> Task :runMinersDreamClient
WARN StatusConsoleListener Advanced terminal features are not available in this environment
[22:44:16] [main/INFO] [cp.mo.mo.Launcher/MODLAUNCHER]: ModLauncher running: args [--launchTarget, forgeclientdev, --version, 21.1.251, --assetIndex, 17, --assetsDir, C:\\Users\\Hurtify\\.gradle\\caches\\neoformruntime\\assets, --gameDir, ., --fml.fmlVersion, 4.0.44, --fml.mcVersion, 1.21.1, --fml.neoForgeVersion, 21.1.251, --fml.neoFormVersion, 20240808.144430, --quickPlaySingleplayer, MinersDream]
[22:44:16] [main/INFO] [cp.mo.mo.Launcher/MODLAUNCHER]: JVM identified as Eclipse Adoptium OpenJDK 64-Bit Server VM 21.0.12+8-LTS
[22:44:16] [main/INFO] [cp.mo.mo.Launcher/MODLAUNCHER]: ModLauncher 11.0.5+main.901c6ea8 starting: java version 21.0.12 by Eclipse Adoptium; OS Windows 11 arch amd64 version 10.0
[22:44:16] [main/INFO] [ne.ne.fm.lo.ImmediateWindowHandler/]: Loading ImmediateWindowProvider fmlearlywindow
[22:44:16] [main/INFO] [EARLYDISPLAY/]: Trying GL version 4.6
[22:44:17] [main/INFO] [EARLYDISPLAY/]: Requested GL version 4.6 got version 4.6
[22:44:17] [main/INFO] [mixin/]: SpongePowered MIXIN Subsystem Version=0.8.7 Source=union:/C:/Users/Hurtify/.gradle/caches/modules-2/files-2.1/net.fabricmc/sponge-mixin/0.15.2+mixin.0.8.7/2af2f021d8e02a0220dc27a7a72b4666d66d44ca/sponge-mixin-0.15.2+mixin.0.8.7.jar%23138!/ Service=ModLauncher Env=CLIENT
[22:44:17] [pool-2-thread-1/INFO] [EARLYDISPLAY/]: GL info: Intel(R) Iris(R) Xe Graphics GL version 4.6.0 - Build 32.0.101.7088, Intel
[22:44:18] [main/WARN] [ne.ne.ja.se.JarSelector/]: Attempted to select a dependency jar for JarJar which was passed in as source: kilagraph. Using Mod File: C:\Users\Hurtify\.gradle\caches\modules-2\files-2.1\com.lowdragmc.kilagraph\kilagraph-neoforge-1.21.1\21.1.0.15\118a5d8a9dd0bbc2bfb23f658fb90daf02244cd7\kilagraph-neoforge-1.21.1-21.1.0.15.jar
[22:44:18] [main/INFO] [ne.ne.fm.lo.mo.lo.JarInJarDependencyLocator/]: Found 12 dependencies adding them to mods collection
[22:44:18] [main/INFO] [ne.ne.fm.lo.mo.ModDiscoverer/]: 
     Mod List:
		Name Version (Mod Id)

		Curios API 9.5.1+1.21.1 (curios)
		EX-twins 1.0.0-beta.1 (relics_addon)
		KilaGraph 21.1.0.15 (kilagraph)
		LambDynamicLights (API) 4.8.11+1.21.1 (lambdynlights_api)
		LambDynamicLights (Runtime) 4.8.11+1.21.1 (lambdynlights_runtime)
		LowDragLib2 2.2.41 (ldlib2)
		Minecraft 1.21.1 (minecraft)
		NeoForge 21.1.251 (neoforge)
		Photon 2.2.7 (photon)
		Pride Lib 1.2.4+1.21.1 (pride)
		Sable Companion 1.6.0 (sablecompanion)
		SpruceUI 6.2.5+1.21.1 (spruceui)
		Yumi Minecraft Libraries: Foundation 1.0.0-beta.1+1.21.1 (yumi_mc_core)
[22:44:18] [main/ERROR] [ne.ne.fm.lo.mo.ModFile/LOADING]: Access transformer file META-INF/accesstransformer.cfg provided by mod pride does not exist!
[22:44:20] [main/INFO] [mixin/]: Compatibility level set to JAVA_21
[22:44:20] [main/INFO] [cp.mo.mo.LaunchServiceHandler/MODLAUNCHER]: Launching target 'forgeclientdev' with arguments [--version, 21.1.251, --gameDir, ., --assetsDir, C:\Users\Hurtify\.gradle\caches\neoformruntime\assets, --assetIndex, 17, --quickPlaySingleplayer, MinersDream]
[22:44:20] [main/WARN] [mixin/]: Reference map 'curios.refmap.json' for curios.neoforge.mixins.json could not be read. If this is a development environment you can ignore this message
[22:44:20] [main/WARN] [mixin/]: Reference map 'curios.refmap.json' for curios.mixins.json could not be read. If this is a development environment you can ignore this message
[22:44:21] [main/WARN] [mixin/]: Error loading class: net/fabricmc/fabric/impl/client/indigo/renderer/aocalc/AoCalculator (java.lang.ClassNotFoundException: net.fabricmc.fabric.impl.client.indigo.renderer.aocalc.AoCalculator)
[22:44:21] [main/INFO] [MixinExtras|Service/]: Initializing MixinExtras via com.llamalad7.mixinextras.service.MixinExtrasServiceImpl(version=0.5.3).
[22:44:25] [Datafixer Bootstrap/INFO] [mojang/DataFixerBuilder]: 229 Datafixer optimizations took 558 milliseconds
[22:44:33] [pool-17-thread-1/INFO] [de.yu.mc.co.im.YumiFoundationMod/]: Initializing mods (entrypoint yumi:init)...
[22:44:33] [main/WARN] [minecraft/Commands]: Ambiguity between arguments [teleport, location] and [teleport, destination] with inputs: [0.1 -0.5 .9, 0 0 0]
[22:44:33] [main/WARN] [minecraft/Commands]: Ambiguity between arguments [teleport, location] and [teleport, targets] with inputs: [0.1 -0.5 .9, 0 0 0]
[22:44:33] [main/WARN] [minecraft/Commands]: Ambiguity between arguments [teleport, destination] and [teleport, targets] with inputs: [Player, 0123, @e, dd12be42-52a9-4a91-a8a1-11c01849e498]
[22:44:33] [main/WARN] [minecraft/Commands]: Ambiguity between arguments [teleport, targets] and [teleport, destination] with inputs: [Player, 0123, dd12be42-52a9-4a91-a8a1-11c01849e498]
[22:44:33] [main/WARN] [minecraft/Commands]: Ambiguity between arguments [teleport, targets, location] and [teleport, targets, destination] with inputs: [0.1 -0.5 .9, 0 0 0]
[22:44:34] [Render thread/WARN] [minecraft/VanillaPackResourcesBuilder]: Assets URL 'union:/C:/dev/EX-twins/build/moddev/artifacts/neoforge-21.1.251.jar%23189!/assets/.mcassetsroot' uses unexpected schema
[22:44:34] [Render thread/WARN] [minecraft/VanillaPackResourcesBuilder]: Assets URL 'union:/C:/dev/EX-twins/build/moddev/artifacts/neoforge-21.1.251.jar%23189!/data/.mcassetsroot' uses unexpected schema
[22:44:34] [Render thread/INFO] [mojang/YggdrasilAuthenticationService]: Environment: Environment[sessionHost=https://sessionserver.mojang.com, servicesHost=https://api.minecraftservices.com, name=PROD]
[22:44:34] [Render thread/INFO] [minecraft/Minecraft]: Setting user: Dev
[22:44:34] [Render thread/INFO] [LambDynamicLights/]: Initializing LambDynamicLights...
[22:44:34] [Render thread/INFO] [LambDynamicLights|Config/]: Configuration loaded.
[22:44:34] [Render thread/INFO] [relics_addon/]: LambDynamicLights found: shields, swarm effects and blasts will light the world
[22:44:34] [Render thread/INFO] [minecraft/Minecraft]: Backend library: LWJGL version 3.3.3+5
[22:44:34] [modloading-worker-0/INFO] [LowDragLib2/]: LowDragLib2 is initializing on platform: NeoForge
[22:44:34] [modloading-worker-0/INFO] [ne.ne.ne.co.NeoForgeMod/NEOFORGE-MOD]: NeoForge mod loading, version 21.1.251, for MC 1.21.1
[22:44:35] [modloading-worker-0/INFO] [co.lo.ki.Kilagraph/]: KilaGraph blueprint nodes loaded: 524
[22:44:35] [modloading-worker-0/INFO] [co.lo.ki.Kilagraph/]: KilaGraph rendertype nodes loaded: 176
[22:44:35] [modloading-worker-0/INFO] [Photon/]: Photon is initializing on platform: NeoForge
[22:44:35] [modloading-worker-0/INFO] [relics_addon/]: Loaded three shields, three typed defender hives and three ship hives
[22:44:37] [Render thread/INFO] [ne.ne.ne.ga.GameTestHooks/]: Enabled Gametest Namespaces: []
[22:44:37] [Render thread/INFO] [minecraft/ReloadableResourceManager]: Reloading ResourceManager: vanilla, mod_resources, mod/yumi_mc_core, mod/kilagraph, mod/lambdynlights_api, mod/lambdynlights_runtime, mod/pride, mod/sablecompanion, mod/curios, mod/ldlib2, mod/photon, mod/relics_addon, mod/neoforge, mod/spruceui, ldlib2
[22:44:37] [Worker-Main-16/INFO] [minecraft/UnihexProvider]: Found unifont_jp_patch-15.1.05.hex, loading
[22:44:37] [Worker-Main-10/INFO] [minecraft/UnihexProvider]: Found unifont_all_no_pua-15.1.05.hex, loading
[22:44:37] [Worker-Main-17/INFO] [Photon/]: Photon shader graph nodes loaded: 7
[22:44:41] [Render thread/WARN] [minecraft/SoundEngine]: Missing sound for event: minecraft:item.goat_horn.play
[22:44:41] [Render thread/WARN] [minecraft/SoundEngine]: Missing sound for event: minecraft:entity.goat.screaming.horn_break
[22:44:41] [Render thread/INFO] [mojang/Library]: OpenAL initialized on device OpenAL Soft on Динамики (TA-22)
[22:44:41] [Render thread/INFO] [minecraft/SoundEngine]: Sound engine started
[22:44:41] [Render thread/INFO] [minecraft/TextureAtlas]: Created: 1024x1024x4 minecraft:textures/atlas/blocks.png-atlas
[22:44:42] [Render thread/INFO] [minecraft/TextureAtlas]: Created: 256x256x4 minecraft:textures/atlas/signs.png-atlas
[22:44:42] [Render thread/INFO] [minecraft/TextureAtlas]: Created: 512x512x4 minecraft:textures/atlas/shield_patterns.png-atlas
[22:44:42] [Render thread/INFO] [minecraft/TextureAtlas]: Created: 512x512x4 minecraft:textures/atlas/banner_patterns.png-atlas
[22:44:42] [Render thread/INFO] [minecraft/TextureAtlas]: Created: 1024x1024x4 minecraft:textures/atlas/armor_trims.png-atlas
[22:44:42] [Render thread/INFO] [minecraft/TextureAtlas]: Created: 128x64x4 minecraft:textures/atlas/decorated_pot.png-atlas
[22:44:42] [Render thread/INFO] [minecraft/TextureAtlas]: Created: 256x256x4 minecraft:textures/atlas/chest.png-atlas
[22:44:42] [Render thread/INFO] [minecraft/TextureAtlas]: Created: 512x256x4 minecraft:textures/atlas/shulker_boxes.png-atlas
[22:44:42] [Render thread/INFO] [minecraft/TextureAtlas]: Created: 512x256x4 minecraft:textures/atlas/beds.png-atlas
[22:44:43] [Render thread/INFO] [minecraft/TextureAtlas]: Created: 4096x2048x0 minecraft:textures/atlas/particles.png-atlas
[22:44:43] [Render thread/INFO] [minecraft/TextureAtlas]: Created: 512x256x0 minecraft:textures/atlas/paintings.png-atlas
[22:44:43] [Render thread/INFO] [minecraft/TextureAtlas]: Created: 256x128x0 minecraft:textures/atlas/mob_effects.png-atlas
[22:44:43] [Render thread/INFO] [minecraft/TextureAtlas]: Created: 64x64x0 minecraft:textures/atlas/map_decorations.png-atlas
[22:44:43] [Render thread/INFO] [minecraft/TextureAtlas]: Created: 1024x512x0 minecraft:textures/atlas/gui.png-atlas
[22:44:43] [Render thread/WARN] [minecraft/ShaderInstance]: Shader rendertype_entity_translucent_emissive could not find sampler named Sampler2 in the specified shader program.
[22:44:43] [Render thread/WARN] [minecraft/ShaderInstance]: Shader ldlib2:graph_wire could not find uniform named iTime in the specified shader program.
[22:44:43] [Render thread/WARN] [minecraft/ShaderInstance]: Shader relics_addon:black_hole could not find uniform named ModelViewMat in the specified shader program.
[22:44:43] [Render thread/WARN] [minecraft/ShaderInstance]: Shader relics_addon:armageddon_blast could not find uniform named Centre in the specified shader program.
[22:44:43] [Render thread/WARN] [minecraft/ShaderInstance]: Shader relics_addon:armageddon_blast could not find uniform named Time in the specified shader program.
[22:44:43] [Render thread/WARN] [minecraft/ShaderInstance]: Shader relics_addon:armageddon_blast could not find uniform named PixelAngle in the specified shader program.
[22:44:43] [Render thread/WARN] [minecraft/ShaderInstance]: Shader relics_addon:mana_shell could not find uniform named PixelAngle in the specified shader program.
[22:44:43] [Render thread/WARN] [minecraft/ShaderInstance]: Shader relics_addon:rf_grade could not find uniform named Up in the specified shader program.
[22:44:43] [Render thread/WARN] [minecraft/ShaderInstance]: Shader relics_addon:rf_volume could not find uniform named East in the specified shader program.
[22:44:43] [Render thread/WARN] [minecraft/ShaderInstance]: Shader relics_addon:rf_volume could not find uniform named North in the specified shader program.
[22:44:43] [Render thread/INFO] [ne.ne.ne.cl.en.an.js.AnimationLoader/]: Loaded 0 entity animations
[22:44:45] [Render thread/INFO] [minecraft/RecipeManager]: Loaded 1308 recipes
[22:44:45] [Render thread/INFO] [minecraft/AdvancementTree]: Loaded 1417 advancements
[22:44:45] [Render thread/INFO] [Curios API/]: Loaded 10 curio slots
[22:44:45] [Render thread/INFO] [Curios API/]: Loaded 1 curio entities
[22:44:45] [Server thread/INFO] [minecraft/IntegratedServer]: Starting integrated minecraft server version 1.21.1
[22:44:45] [Server thread/INFO] [minecraft/MinecraftServer]: Generating keypair
[22:44:46] [Server thread/INFO] [minecraft/MinecraftServer]: Preparing start region for dimension minecraft:overworld
[22:44:46] [progressListener/INFO] [minecraft/LoggerChunkProgressListener]: Подготовка области возрождения: 0%
[22:44:46] [progressListener/INFO] [minecraft/LoggerChunkProgressListener]: Подготовка области возрождения: 0%
[22:44:47] [progressListener/INFO] [minecraft/LoggerChunkProgressListener]: Time elapsed: 894 ms
[22:44:47] [Server thread/INFO] [ne.ne.ne.se.pe.PermissionAPI/]: Successfully initialized permission handler neoforge:default_handler
[22:44:47] [Server thread/INFO] [minecraft/IntegratedServer]: Changing view distance to 32, from 10
[22:44:47] [Server thread/INFO] [minecraft/IntegratedServer]: Changing simulation distance to 12, from 0
[22:44:49] [Server thread/INFO] [minecraft/PlayerList]: Dev[local:E:e69c187c] logged in with entity id 30 at (3.6600282565482303, 173.0, -12.982982609684852)
[22:44:49] [Server thread/INFO] [minecraft/MinecraftServer]: Dev присоединился к игре
[22:44:49] [Render thread/INFO] [minecraft/AdvancementTree]: Loaded 2 advancements
[22:44:57] [Server thread/WARN] [minecraft/MinecraftServer]: Can't keep up! Is the server overloaded? Running 2061ms or 41 ticks behind
[22:44:57] [Server thread/INFO] [minecraft/IntegratedServer]: Saving and pausing game...
[22:44:57] [Server thread/INFO] [minecraft/MinecraftServer]: Saving chunks for level 'ServerLevel[Мечта шахтёра]'/minecraft:overworld
[22:44:57] [Server thread/INFO] [minecraft/MinecraftServer]: Saving chunks for level 'ServerLevel[Мечта шахтёра]'/minecraft:the_end
[22:44:57] [Server thread/INFO] [minecraft/MinecraftServer]: Saving chunks for level 'ServerLevel[Мечта шахтёра]'/minecraft:the_nether
[22:44:59] [Render thread/INFO] [relics_addon/]: World scenario armageddon: 54.1 fps warming up
[22:44:59] [Render thread/WARN] [relics_addon/]: World scenario: could not note the ticking sounds
java.nio.file.NoSuchFileException: .\screenshots\scenario-armageddon.sounds
	at java.base/sun.nio.fs.WindowsException.translateToIOException(WindowsException.java:85) ~[?:?] {}
	at java.base/sun.nio.fs.WindowsException.rethrowAsIOException(WindowsException.java:103) ~[?:?] {}
	at java.base/sun.nio.fs.WindowsException.rethrowAsIOException(WindowsException.java:108) ~[?:?] {}
	at java.base/sun.nio.fs.WindowsFileSystemProvider.newByteChannel(WindowsFileSystemProvider.java:234) ~[?:?] {}
	at java.base/java.nio.file.spi.FileSystemProvider.newOutputStream(FileSystemProvider.java:482) ~[?:?] {}
	at java.base/java.nio.file.Files.newOutputStream(Files.java:228) ~[?:?] {}
	at java.base/java.nio.file.Files.write(Files.java:3505) ~[?:?] {}
	at java.base/java.nio.file.Files.writeString(Files.java:3727) ~[?:?] {}
	at java.base/java.nio.file.Files.writeString(Files.java:3667) ~[?:?] {}
	at TRANSFORMER/relics_addon@1.0.0-beta.1/dev.hurtify.relicsaddon.gametest.client.WorldScenarios.noteTicking(WorldScenarios.java:495) ~[%23191!/:?] {re:classloading}
	at TRANSFORMER/relics_addon@1.0.0-beta.1/dev.hurtify.relicsaddon.gametest.client.WorldScenarios.onClientTick(WorldScenarios.java:398) ~[%23191!/:?] {re:classloading}
	at MC-BOOTSTRAP/net.neoforged.bus/net.neoforged.bus.EventBus.post(EventBus.java:360) ~[bus-8.0.5.jar%23150!/:?] {}
	at MC-BOOTSTRAP/net.neoforged.bus/net.neoforged.bus.EventBus.post(EventBus.java:328) ~[bus-8.0.5.jar%23150!/:?] {}
	at TRANSFORMER/neoforge@21.1.251/net.neoforged.neoforge.client.ClientHooks.fireClientTickPost(ClientHooks.java:1077) ~[neoforge-21.1.251.jar%23190!/:?] {re:classloading}
	at TRANSFORMER/minecraft@1.21.1/net.minecraft.client.Minecraft.tick(Minecraft.java:1915) ~[neoforge-21.1.251.jar%23189!/:?] {re:mixin,pl:accesstransformer:B,pl:runtimedistcleaner:A,re:classloading,pl:accesstransformer:B,pl:mixin:APP:yumi_mc_core.mixins.json:client.MinecraftClientMixin from mod yumi_mc_core,pl:mixin:APP:lambdynlights.mixins.json:MinecraftClientMixin from mod lambdynlights_runtime,pl:mixin:APP:ldlib2.mixins.json:accessor.MinecraftAccessor from mod ldlib2,pl:mixin:APP:photon.mixins.json:MinecraftMixin from mod photon,pl:mixin:A,pl:runtimedistcleaner:A}
	at TRANSFORMER/minecraft@1.21.1/net.minecraft.client.Minecraft.runTick(Minecraft.java:1161) ~[neoforge-21.1.251.jar%23189!/:?] {re:mixin,pl:accesstransformer:B,pl:runtimedistcleaner:A,re:classloading,pl:accesstransformer:B,pl:mixin:APP:yumi_mc_core.mixins.json:client.MinecraftClientMixin from mod yumi_mc_core,pl:mixin:APP:lambdynlights.mixins.json:MinecraftClientMixin from mod lambdynlights_runtime,pl:mixin:APP:ldlib2.mixins.json:accessor.MinecraftAccessor from mod ldlib2,pl:mixin:APP:photon.mixins.json:MinecraftMixin from mod photon,pl:mixin:A,pl:runtimedistcleaner:A}
	at TRANSFORMER/minecraft@1.21.1/net.minecraft.client.Minecraft.run(Minecraft.java:807) ~[neoforge-21.1.251.jar%23189!/:?] {re:mixin,pl:accesstransformer:B,pl:runtimedistcleaner:A,re:classloading,pl:accesstransformer:B,pl:mixin:APP:yumi_mc_core.mixins.json:client.MinecraftClientMixin from mod yumi_mc_core,pl:mixin:APP:lambdynlights.mixins.json:MinecraftClientMixin from mod lambdynlights_runtime,pl:mixin:APP:ldlib2.mixins.json:accessor.MinecraftAccessor from mod ldlib2,pl:mixin:APP:photon.mixins.json:MinecraftMixin from mod photon,pl:mixin:A,pl:runtimedistcleaner:A}
	at TRANSFORMER/minecraft@1.21.1/net.minecraft.client.main.Main.main(Main.java:230) ~[neoforge-21.1.251.jar%23189!/:?] {re:classloading,pl:runtimedistcleaner:A}
	at java.base/jdk.internal.reflect.DirectMethodHandleAccessor.invoke(DirectMethodHandleAccessor.java:103) ~[?:?] {}
	at java.base/java.lang.reflect.Method.invoke(Method.java:580) ~[?:?] {}
	at MC-BOOTSTRAP/fml_loader@4.0.44/net.neoforged.fml.loading.targets.CommonLaunchHandler.runTarget(CommonLaunchHandler.java:136) ~[loader-4.0.44.jar%23146!/:4.0] {}
	at MC-BOOTSTRAP/fml_loader@4.0.44/net.neoforged.fml.loading.targets.CommonLaunchHandler.clientService(CommonLaunchHandler.java:124) ~[loader-4.0.44.jar%23146!/:4.0] {}
	at MC-BOOTSTRAP/fml_loader@4.0.44/net.neoforged.fml.loading.targets.NeoForgeClientDevLaunchHandler.runService(NeoForgeClientDevLaunchHandler.java:23) ~[loader-4.0.44.jar%23146!/:4.0] {}
	at MC-BOOTSTRAP/fml_loader@4.0.44/net.neoforged.fml.loading.targets.CommonLaunchHandler.lambda$launchService$4(CommonLaunchHandler.java:118) ~[loader-4.0.44.jar%23146!/:4.0] {}
	at MC-BOOTSTRAP/cpw.mods.modlauncher@11.0.5/cpw.mods.modlauncher.LaunchServiceHandlerDecorator.launch(LaunchServiceHandlerDecorator.java:30) [modlauncher-11.0.5.jar%23128!/:?] {}
	at MC-BOOTSTRAP/cpw.mods.modlauncher@11.0.5/cpw.mods.modlauncher.LaunchServiceHandler.launch(LaunchServiceHandler.java:53) [modlauncher-11.0.5.jar%23128!/:?] {}
	at MC-BOOTSTRAP/cpw.mods.modlauncher@11.0.5/cpw.mods.modlauncher.LaunchServiceHandler.launch(LaunchServiceHandler.java:71) [modlauncher-11.0.5.jar%23128!/:?] {}
	at MC-BOOTSTRAP/cpw.mods.modlauncher@11.0.5/cpw.mods.modlauncher.Launcher.run(Launcher.java:103) [modlauncher-11.0.5.jar%23128!/:?] {}
	at MC-BOOTSTRAP/cpw.mods.modlauncher@11.0.5/cpw.mods.modlauncher.Launcher.main(Launcher.java:74) [modlauncher-11.0.5.jar%23128!/:?] {}
	at MC-BOOTSTRAP/cpw.mods.modlauncher@11.0.5/cpw.mods.modlauncher.BootstrapLaunchConsumer.accept(BootstrapLaunchConsumer.java:26) [modlauncher-11.0.5.jar%23128!/:?] {}
	at MC-BOOTSTRAP/cpw.mods.modlauncher@11.0.5/cpw.mods.modlauncher.BootstrapLaunchConsumer.accept(BootstrapLaunchConsumer.java:23) [modlauncher-11.0.5.jar%23128!/:?] {}
	at cpw.mods.bootstraplauncher@2.0.2/cpw.mods.bootstraplauncher.BootstrapLauncher.run(BootstrapLauncher.java:210) [bootstraplauncher-2.0.2.jar:?] {}
	at cpw.mods.bootstraplauncher@2.0.2/cpw.mods.bootstraplauncher.BootstrapLauncher.main(BootstrapLauncher.java:69) [bootstraplauncher-2.0.2.jar:?] {}
	at java.base/jdk.internal.reflect.DirectMethodHandleAccessor.invoke(DirectMethodHandleAccessor.java:103) ~[?:?] {}
	at java.base/java.lang.reflect.Method.invoke(Method.java:580) ~[?:?] {}
	at net.neoforged.devlaunch.Main.main(Main.java:57) [DevLaunch-1.0.2.jar:?] {}
[22:44:59] [Sound engine/WARN] [relics_addon/]: World scenario armageddon: could not note a sound
java.nio.file.NoSuchFileException: .\screenshots\scenario-armageddon.sounds
	at java.base/sun.nio.fs.WindowsException.translateToIOException(WindowsException.java:85) ~[?:?] {}
	at java.base/sun.nio.fs.WindowsException.rethrowAsIOException(WindowsException.java:103) ~[?:?] {}
	at java.base/sun.nio.fs.WindowsException.rethrowAsIOException(WindowsException.java:108) ~[?:?] {}
	at java.base/sun.nio.fs.WindowsFileSystemProvider.newByteChannel(WindowsFileSystemProvider.java:234) ~[?:?] {}
	at java.base/java.nio.file.spi.FileSystemProvider.newOutputStream(FileSystemProvider.java:482) ~[?:?] {}
	at java.base/java.nio.file.Files.newOutputStream(Files.java:228) ~[?:?] {}
	at java.base/java.nio.file.Files.write(Files.java:3505) ~[?:?] {}
	at java.base/java.nio.file.Files.writeString(Files.java:3727) ~[?:?] {}
	at java.base/java.nio.file.Files.writeString(Files.java:3667) ~[?:?] {}
	at TRANSFORMER/relics_addon@1.0.0-beta.1/dev.hurtify.relicsaddon.gametest.client.WorldScenarios.noteSound(WorldScenarios.java:459) ~[%23191!/:?] {re:classloading}
	at TRANSFORMER/relics_addon@1.0.0-beta.1/dev.hurtify.relicsaddon.gametest.client.WorldScenarios.onStreamPlayed(WorldScenarios.java:444) ~[%23191!/:?] {re:classloading}
	at MC-BOOTSTRAP/net.neoforged.bus/net.neoforged.bus.EventBus.post(EventBus.java:360) ~[bus-8.0.5.jar%23150!/:?] {}
	at MC-BOOTSTRAP/net.neoforged.bus/net.neoforged.bus.EventBus.post(EventBus.java:328) ~[bus-8.0.5.jar%23150!/:?] {}
	at TRANSFORMER/minecraft@1.21.1/net.minecraft.client.sounds.SoundEngine.lambda$play$8(SoundEngine.java:412) ~[neoforge-21.1.251.jar%23189!/:?] {re:classloading,pl:accesstransformer:B,pl:runtimedistcleaner:A}
	at TRANSFORMER/minecraft@1.21.1/net.minecraft.client.sounds.ChannelAccess$ChannelHandle.lambda$execute$0(ChannelAccess.java:84) ~[neoforge-21.1.251.jar%23189!/:?] {re:classloading,pl:runtimedistcleaner:A}
	at TRANSFORMER/minecraft@1.21.1/net.minecraft.util.thread.BlockableEventLoop.doRunTask(BlockableEventLoop.java:148) ~[neoforge-21.1.251.jar%23189!/:?] {re:mixin,pl:accesstransformer:B,re:computing_frames,pl:accesstransformer:B,re:classloading,pl:accesstransformer:B}
	at TRANSFORMER/minecraft@1.21.1/net.minecraft.util.thread.BlockableEventLoop.pollTask(BlockableEventLoop.java:122) ~[neoforge-21.1.251.jar%23189!/:?] {re:mixin,pl:accesstransformer:B,re:computing_frames,pl:accesstransformer:B,re:classloading,pl:accesstransformer:B}
	at TRANSFORMER/minecraft@1.21.1/net.minecraft.util.thread.BlockableEventLoop.managedBlock(BlockableEventLoop.java:132) ~[neoforge-21.1.251.jar%23189!/:?] {re:mixin,pl:accesstransformer:B,re:computing_frames,pl:accesstransformer:B,re:classloading,pl:accesstransformer:B}
	at TRANSFORMER/minecraft@1.21.1/net.minecraft.client.sounds.SoundEngineExecutor.run(SoundEngineExecutor.java:42) ~[neoforge-21.1.251.jar%23189!/:?] {re:classloading,pl:runtimedistcleaner:A}
	at java.base/java.lang.Thread.run(Thread.java:1583) [?:?] {}
[22:46:07] [Render thread/INFO] [minecraft/AdvancementTree]: Loaded 38 advancements
[22:46:07] [Server thread/INFO] [minecraft/MinecraftServer]: Dev получил достижение «[Охотник на монстров]»
[22:46:08] [Render thread/INFO] [minecraft/ChatComponent]: [System] [CHAT] Dev получил достижение «[Охотник на монстров]»
[22:46:08] [Render thread/INFO] [minecraft/AdvancementTree]: Loaded 41 advancements
[22:46:10] [Render thread/INFO] [minecraft/AdvancementTree]: Loaded 41 advancements
[22:46:35] [Render thread/INFO] [relics_addon/]: World scenario armageddon: 884 frames
[22:46:39] [Render thread/INFO] [relics_addon/]: World scenario mana-armageddon: 54.0 fps warming up
[22:47:13] [Server thread/INFO] [minecraft/IntegratedServer]: Saving and pausing game...
[22:47:13] [Server thread/INFO] [minecraft/MinecraftServer]: Saving chunks for level 'ServerLevel[Мечта шахтёра]'/minecraft:overworld
[22:47:13] [Server thread/INFO] [minecraft/MinecraftServer]: Saving chunks for level 'ServerLevel[Мечта шахтёра]'/minecraft:the_end
[22:47:13] [Server thread/INFO] [minecraft/MinecraftServer]: Saving chunks for level 'ServerLevel[Мечта шахтёра]'/minecraft:the_nether
[22:47:14] [Server thread/INFO] [minecraft/IntegratedServer]: Saving and pausing game...
[22:47:14] [Server thread/INFO] [minecraft/MinecraftServer]: Saving chunks for level 'ServerLevel[Мечта шахтёра]'/minecraft:overworld
[22:47:14] [Server thread/INFO] [minecraft/MinecraftServer]: Saving chunks for level 'ServerLevel[Мечта шахтёра]'/minecraft:the_end
[22:47:14] [Server thread/INFO] [minecraft/MinecraftServer]: Saving chunks for level 'ServerLevel[Мечта шахтёра]'/minecraft:the_nether
[22:47:14] [Server thread/INFO] [minecraft/IntegratedServer]: Saving and pausing game...
[22:47:14] [Server thread/INFO] [minecraft/MinecraftServer]: Saving chunks for level 'ServerLevel[Мечта шахтёра]'/minecraft:overworld
[22:47:14] [Server thread/INFO] [minecraft/MinecraftServer]: Saving chunks for level 'ServerLevel[Мечта шахтёра]'/minecraft:the_end
[22:47:14] [Server thread/INFO] [minecraft/MinecraftServer]: Saving chunks for level 'ServerLevel[Мечта шахтёра]'/minecraft:the_nether
[22:47:15] [Server thread/INFO] [minecraft/IntegratedServer]: Saving and pausing game...
[22:47:15] [Server thread/INFO] [minecraft/MinecraftServer]: Saving chunks for level 'ServerLevel[Мечта шахтёра]'/minecraft:overworld
[22:47:15] [Server thread/INFO] [minecraft/MinecraftServer]: Saving chunks for level 'ServerLevel[Мечта шахтёра]'/minecraft:the_end
[22:47:15] [Server thread/INFO] [minecraft/MinecraftServer]: Saving chunks for level 'ServerLevel[Мечта шахтёра]'/minecraft:the_nether
[22:47:16] [Server thread/INFO] [minecraft/IntegratedServer]: Saving and pausing game...
[22:47:16] [Server thread/INFO] [minecraft/MinecraftServer]: Saving chunks for level 'ServerLevel[Мечта шахтёра]'/minecraft:overworld
[22:47:16] [Server thread/INFO] [minecraft/MinecraftServer]: Saving chunks for level 'ServerLevel[Мечта шахтёра]'/minecraft:the_end
[22:47:16] [Server thread/INFO] [minecraft/MinecraftServer]: Saving chunks for level 'ServerLevel[Мечта шахтёра]'/minecraft:the_nether
[22:47:16] [Server thread/INFO] [minecraft/IntegratedServer]: Saving and pausing game...
[22:47:16] [Server thread/INFO] [minecraft/MinecraftServer]: Saving chunks for level 'ServerLevel[Мечта шахтёра]'/minecraft:overworld
[22:47:16] [Server thread/INFO] [minecraft/MinecraftServer]: Saving chunks for level 'ServerLevel[Мечта шахтёра]'/minecraft:the_end
[22:47:16] [Server thread/INFO] [minecraft/MinecraftServer]: Saving chunks for level 'ServerLevel[Мечта шахтёра]'/minecraft:the_nether
[22:47:16] [Server thread/INFO] [minecraft/IntegratedServer]: Saving and pausing game...
[22:47:17] [Server thread/INFO] [minecraft/MinecraftServer]: Saving chunks for level 'ServerLevel[Мечта шахтёра]'/minecraft:overworld
[22:47:17] [Server thread/INFO] [minecraft/MinecraftServer]: Saving chunks for level 'ServerLevel[Мечта шахтёра]'/minecraft:the_end
[22:47:17] [Server thread/INFO] [minecraft/MinecraftServer]: Saving chunks for level 'ServerLevel[Мечта шахтёра]'/minecraft:the_nether
[22:47:17] [Server thread/INFO] [minecraft/IntegratedServer]: Saving and pausing game...
[22:47:17] [Server thread/INFO] [minecraft/MinecraftServer]: Saving chunks for level 'ServerLevel[Мечта шахтёра]'/minecraft:overworld
[22:47:17] [Server thread/INFO] [minecraft/MinecraftServer]: Saving chunks for level 'ServerLevel[Мечта шахтёра]'/minecraft:the_end
[22:47:17] [Server thread/INFO] [minecraft/MinecraftServer]: Saving chunks for level 'ServerLevel[Мечта шахтёра]'/minecraft:the_nether
[22:47:17] [Server thread/INFO] [minecraft/IntegratedServer]: Saving and pausing game...
[22:47:17] [Server thread/INFO] [minecraft/MinecraftServer]: Saving chunks for level 'ServerLevel[Мечта шахтёра]'/minecraft:overworld
[22:47:17] [Server thread/INFO] [minecraft/MinecraftServer]: Saving chunks for level 'ServerLevel[Мечта шахтёра]'/minecraft:the_end
[22:47:17] [Server thread/INFO] [minecraft/MinecraftServer]: Saving chunks for level 'ServerLevel[Мечта шахтёра]'/minecraft:the_nether
[22:47:17] [Server thread/INFO] [minecraft/IntegratedServer]: Saving and pausing game...
[22:47:17] [Server thread/INFO] [minecraft/MinecraftServer]: Saving chunks for level 'ServerLevel[Мечта шахтёра]'/minecraft:overworld
[22:47:17] [Server thread/INFO] [minecraft/MinecraftServer]: Saving chunks for level 'ServerLevel[Мечта шахтёра]'/minecraft:the_end
[22:47:17] [Server thread/INFO] [minecraft/MinecraftServer]: Saving chunks for level 'ServerLevel[Мечта шахтёра]'/minecraft:the_nether
[22:47:17] [Server thread/INFO] [minecraft/IntegratedServer]: Saving and pausing game...
[22:47:17] [Server thread/INFO] [minecraft/MinecraftServer]: Saving chunks for level 'ServerLevel[Мечта шахтёра]'/minecraft:overworld
[22:47:17] [Server thread/INFO] [minecraft/MinecraftServer]: Saving chunks for level 'ServerLevel[Мечта шахтёра]'/minecraft:the_end
[22:47:17] [Server thread/INFO] [minecraft/MinecraftServer]: Saving chunks for level 'ServerLevel[Мечта шахтёра]'/minecraft:the_nether
[22:47:53] [Render thread/INFO] [minecraft/AdvancementTree]: Loaded 41 advancements
[22:48:38] [Render thread/INFO] [relics_addon/]: World scenario mana-armageddon: 1158 frames
[22:48:42] [Render thread/INFO] [relics_addon/]: World scenario rf-armageddon: 57.2 fps warming up
[22:50:41] [Render thread/INFO] [relics_addon/]: World scenario rf-armageddon: 1454 frames
[22:50:42] [Render thread/INFO] [relics_addon/]: World scenarios captured: [armageddon, mana-armageddon, rf-armageddon]
[22:51:42] [Render thread/INFO] [minecraft/AdvancementTree]: Loaded 42 advancements
[22:52:46] [Render thread/INFO] [minecraft/Minecraft]: Stopping!
[22:52:46] [Server thread/INFO] [minecraft/ServerGamePacketListenerImpl]: Dev lost connection: Отключение
[22:52:46] [Server thread/INFO] [minecraft/MinecraftServer]: Dev покинул игру
[22:52:46] [Server thread/INFO] [minecraft/ServerCommonPacketListenerImpl]: Stopping singleplayer server as player logged out
[22:52:46] [Server thread/INFO] [minecraft/MinecraftServer]: Stopping server
[22:52:46] [Server thread/INFO] [minecraft/MinecraftServer]: Saving players
[22:52:46] [Server thread/INFO] [minecraft/MinecraftServer]: Saving worlds
[22:52:47] [Server thread/INFO] [minecraft/MinecraftServer]: Saving chunks for level 'ServerLevel[Мечта шахтёра]'/minecraft:overworld
[22:52:48] [Server thread/INFO] [minecraft/MinecraftServer]: Saving chunks for level 'ServerLevel[Мечта шахтёра]'/minecraft:the_end
[22:52:48] [Server thread/INFO] [minecraft/MinecraftServer]: Saving chunks for level 'ServerLevel[Мечта шахтёра]'/minecraft:the_nether
[22:52:48] [Server thread/INFO] [minecraft/MinecraftServer]: ThreadedAnvilChunkStorage (MinersDream): All chunks are saved
[22:52:48] [Server thread/INFO] [minecraft/MinecraftServer]: ThreadedAnvilChunkStorage (DIM1): All chunks are saved
[22:52:48] [Server thread/INFO] [minecraft/MinecraftServer]: ThreadedAnvilChunkStorage (DIM-1): All chunks are saved
[22:52:48] [Server thread/INFO] [minecraft/MinecraftServer]: ThreadedAnvilChunkStorage: All dimensions are saved

BUILD SUCCESSFUL in 9m 5s
7 actionable tasks: 3 executed, 4 up-to-date
